[2025-08-08 08:35:29] Skript gestartet.
[2025-08-08 08:35:29] DB geladen.
[2025-08-08 08:35:29] Config geladen.
[2025-08-08 08:35:29] Starte Hauptlauf …
[2025-08-08 08:35:29] Aggregiere Vorwoche: 2025-07-28 00:00:00 – 2025-08-03 23:59:59
[2025-08-08 08:35:29] Hole Empfänger (UmsatzMails=1) …
[2025-08-08 08:35:29] Empfänger: 3
[2025-08-08 08:35:29] Sende Mail an technik@taxi4884.de …
[2025-08-08 08:35:30] Mail OK: technik@taxi4884.de
[2025-08-08 08:35:30] Sende Mail an Verwaltung@taxi4884.de …
[2025-08-08 08:35:30] Mail OK: Verwaltung@taxi4884.de
[2025-08-08 08:35:30] Sende Mail an sv@taxi4884.de …
[2025-08-08 08:35:30] Mail OK: sv@taxi4884.de
[2025-08-08 08:35:30] Mails versendet. Empfänger: 3, Fahrerzeilen: 21
[2025-08-08 08:35:30] Skript beendet.
[2025-08-11 08:00:02] Skript gestartet.
[2025-08-11 08:00:02] DB geladen.
[2025-08-11 08:00:02] Config geladen.
[2025-08-11 08:00:02] Starte Hauptlauf …
[2025-08-11 08:00:02] Aggregiere Vorwoche: 2025-08-04 00:00:00 – 2025-08-10 23:59:59
[2025-08-11 08:00:02] Hole Empfänger (UmsatzMails=1) …
[2025-08-11 08:00:02] Empfänger: 3
[2025-08-11 08:00:02] Sende Mail an technik@taxi4884.de …
[2025-08-11 08:00:07] Mail OK: technik@taxi4884.de
[2025-08-11 08:00:07] Sende Mail an Verwaltung@taxi4884.de …
[2025-08-11 08:00:08] Mail OK: Verwaltung@taxi4884.de
[2025-08-11 08:00:08] Sende Mail an sv@taxi4884.de …
[2025-08-11 08:00:08] Mail OK: sv@taxi4884.de
[2025-08-11 08:00:08] Mails versendet. Empfänger: 3, Fahrerzeilen: 22
[2025-08-11 08:00:08] Skript beendet.
[2025-08-18 08:00:01] Skript gestartet.
[2025-08-18 08:00:01] DB geladen.
[2025-08-18 08:00:01] Config geladen.
[2025-08-18 08:00:01] Starte Hauptlauf …
[2025-08-18 08:00:01] Aggregiere Vorwoche: 2025-08-11 00:00:00 – 2025-08-17 23:59:59
[2025-08-18 08:00:02] Hole Empfänger (UmsatzMails=1) …
[2025-08-18 08:00:02] Empfänger: 3
[2025-08-18 08:00:02] Sende Mail an technik@taxi4884.de …
[2025-08-18 08:00:08] Mail OK: technik@taxi4884.de
[2025-08-18 08:00:08] Sende Mail an Verwaltung@taxi4884.de …
[2025-08-18 08:00:08] Mail OK: Verwaltung@taxi4884.de
[2025-08-18 08:00:08] Sende Mail an sv@taxi4884.de …
[2025-08-18 08:00:08] Mail OK: sv@taxi4884.de
[2025-08-18 08:00:08] Mails versendet. Empfänger: 3, Fahrerzeilen: 22
[2025-08-18 08:00:08] Skript beendet.
[2025-08-25 08:00:01] Skript gestartet.
[2025-08-25 08:00:01] DB geladen.
[2025-08-25 08:00:01] Config geladen.
[2025-08-25 08:00:01] Starte Hauptlauf …
[2025-08-25 08:00:01] Aggregiere Vorwoche: 2025-08-18 00:00:00 – 2025-08-24 23:59:59
[2025-08-25 08:00:02] Hole Empfänger (UmsatzMails=1) …
[2025-08-25 08:00:02] Empfänger: 3
[2025-08-25 08:00:02] Sende Mail an technik@taxi4884.de …
[2025-08-25 08:00:08] Mail OK: technik@taxi4884.de
[2025-08-25 08:00:08] Sende Mail an Verwaltung@taxi4884.de …
[2025-08-25 08:00:08] Mail OK: Verwaltung@taxi4884.de
[2025-08-25 08:00:08] Sende Mail an sv@taxi4884.de …
[2025-08-25 08:00:08] Mail OK: sv@taxi4884.de
[2025-08-25 08:00:08] Mails versendet. Empfänger: 3, Fahrerzeilen: 25
[2025-08-25 08:00:08] Skript beendet.
[2025-09-01 08:00:06] Skript gestartet.
[2025-09-01 08:00:06] DB geladen.
[2025-09-01 08:00:06] Config geladen.
[2025-09-01 08:00:06] Starte Hauptlauf …
[2025-09-01 08:00:06] Aggregiere Vorwoche: 2025-08-25 00:00:00 – 2025-08-31 23:59:59
[2025-09-01 08:00:06] Hole Empfänger (UmsatzMails=1) …
[2025-09-01 08:00:06] Empfänger: 3
[2025-09-01 08:00:06] Sende Mail an technik@taxi4884.de …
[2025-09-01 08:00:12] Mail OK: technik@taxi4884.de
[2025-09-01 08:00:12] Sende Mail an Verwaltung@taxi4884.de …
[2025-09-01 08:00:17] Mail OK: Verwaltung@taxi4884.de
[2025-09-01 08:00:17] Sende Mail an sv@taxi4884.de …
[2025-09-01 08:00:21] Mail OK: sv@taxi4884.de
[2025-09-01 08:00:21] Mails versendet. Empfänger: 3, Fahrerzeilen: 21
[2025-09-01 08:00:21] Skript beendet.
[2025-09-08 08:00:01] Skript gestartet.
[2025-09-08 08:00:01] DB geladen.
[2025-09-08 08:00:01] Config geladen.
[2025-09-08 08:00:01] Starte Hauptlauf …
[2025-09-08 08:00:01] Aggregiere Vorwoche: 2025-09-01 00:00:00 – 2025-09-07 23:59:59
[2025-09-08 08:00:02] Hole Empfänger (UmsatzMails=1) …
[2025-09-08 08:00:02] Empfänger: 3
[2025-09-08 08:00:02] Sende Mail an technik@taxi4884.de …
[2025-09-08 08:00:05] Mail OK: technik@taxi4884.de
[2025-09-08 08:00:05] Sende Mail an Verwaltung@taxi4884.de …
[2025-09-08 08:00:05] Mail OK: Verwaltung@taxi4884.de
[2025-09-08 08:00:05] Sende Mail an sv@taxi4884.de …
[2025-09-08 08:00:06] Mail OK: sv@taxi4884.de
[2025-09-08 08:00:06] Mails versendet. Empfänger: 3, Fahrerzeilen: 26
[2025-09-08 08:00:06] Skript beendet.
[2025-09-15 08:00:02] Skript gestartet.
[2025-09-15 08:00:02] DB geladen.
[2025-09-15 08:00:02] Config geladen.
[2025-09-15 08:00:02] Starte Hauptlauf …
[2025-09-15 08:00:02] Aggregiere Vorwoche: 2025-09-08 00:00:00 – 2025-09-14 23:59:59
[2025-09-15 08:00:03] Hole Empfänger (UmsatzMails=1) …
[2025-09-15 08:00:03] Empfänger: 3
[2025-09-15 08:00:03] Sende Mail an technik@taxi4884.de …
[2025-09-15 08:00:09] Mail OK: technik@taxi4884.de
[2025-09-15 08:00:09] Sende Mail an Verwaltung@taxi4884.de …
[2025-09-15 08:00:14] Mail OK: Verwaltung@taxi4884.de
[2025-09-15 08:00:14] Sende Mail an sv@taxi4884.de …
[2025-09-15 08:00:19] Mail OK: sv@taxi4884.de
[2025-09-15 08:00:19] Mails versendet. Empfänger: 3, Fahrerzeilen: 25
[2025-09-15 08:00:19] Skript beendet.
[2025-09-22 08:00:01] Skript gestartet.
[2025-09-22 08:00:01] DB geladen.
[2025-09-22 08:00:01] Config geladen.
[2025-09-22 08:00:01] Starte Hauptlauf …
[2025-09-22 08:00:01] Aggregiere Vorwoche: 2025-09-15 00:00:00 – 2025-09-21 23:59:59
[2025-09-22 08:00:02] Hole Empfänger (UmsatzMails=1) …
[2025-09-22 08:00:02] Empfänger: 3
[2025-09-22 08:00:02] Sende Mail an technik@taxi4884.de …
[2025-09-22 08:00:08] Mail OK: technik@taxi4884.de
[2025-09-22 08:00:08] Sende Mail an Verwaltung@taxi4884.de …
[2025-09-22 08:00:11] Mail OK: Verwaltung@taxi4884.de
[2025-09-22 08:00:11] Sende Mail an sv@taxi4884.de …
[2025-09-22 08:00:11] Mail OK: sv@taxi4884.de
[2025-09-22 08:00:11] Mails versendet. Empfänger: 3, Fahrerzeilen: 24
[2025-09-22 08:00:11] Skript beendet.
[2025-09-29 08:00:02] Skript gestartet.
[2025-09-29 08:00:02] DB geladen.
[2025-09-29 08:00:02] Config geladen.
[2025-09-29 08:00:02] Starte Hauptlauf …
[2025-09-29 08:00:02] Aggregiere Vorwoche: 2025-09-22 00:00:00 – 2025-09-28 23:59:59
[2025-09-29 08:00:02] Hole Empfänger (UmsatzMails=1) …
[2025-09-29 08:00:02] Empfänger: 3
[2025-09-29 08:00:02] Sende Mail an technik@taxi4884.de …
[2025-09-29 08:00:08] Mail OK: technik@taxi4884.de
[2025-09-29 08:00:08] Sende Mail an Verwaltung@taxi4884.de …
[2025-09-29 08:00:13] Mail OK: Verwaltung@taxi4884.de
[2025-09-29 08:00:13] Sende Mail an sv@taxi4884.de …
[2025-09-29 08:00:14] Mail OK: sv@taxi4884.de
[2025-09-29 08:00:14] Mails versendet. Empfänger: 3, Fahrerzeilen: 23
[2025-09-29 08:00:14] Skript beendet.
[2025-10-06 08:00:02] Skript gestartet.
[2025-10-06 08:00:02] DB geladen.
[2025-10-06 08:00:02] Config geladen.
[2025-10-06 08:00:02] Starte Hauptlauf …
[2025-10-06 08:00:02] Aggregiere Vorwoche: 2025-09-29 00:00:00 – 2025-10-05 23:59:59
[2025-10-06 08:00:02] Hole Empfänger (UmsatzMails=1) …
[2025-10-06 08:00:02] Empfänger: 3
[2025-10-06 08:00:02] Sende Mail an technik@taxi4884.de …
[2025-10-06 08:00:08] Mail OK: technik@taxi4884.de
[2025-10-06 08:00:08] Sende Mail an Verwaltung@taxi4884.de …
[2025-10-06 08:00:08] Mail OK: Verwaltung@taxi4884.de
[2025-10-06 08:00:08] Sende Mail an sv@taxi4884.de …
[2025-10-06 08:00:09] Mail OK: sv@taxi4884.de
[2025-10-06 08:00:09] Mails versendet. Empfänger: 3, Fahrerzeilen: 26
[2025-10-06 08:00:09] Skript beendet.
[2025-10-13 08:00:02] Skript gestartet.
[2025-10-13 08:00:02] DB geladen.
[2025-10-13 08:00:02] Config geladen.
[2025-10-13 08:00:02] Starte Hauptlauf …
[2025-10-13 08:00:02] Aggregiere Vorwoche: 2025-10-06 00:00:00 – 2025-10-12 23:59:59
[2025-10-13 08:00:02] Hole Empfänger (UmsatzMails=1) …
[2025-10-13 08:00:02] Empfänger: 3
[2025-10-13 08:00:02] Sende Mail an technik@taxi4884.de …
[2025-10-13 08:00:04] Mail OK: technik@taxi4884.de
[2025-10-13 08:00:04] Sende Mail an Verwaltung@taxi4884.de …
[2025-10-13 08:00:04] Mail OK: Verwaltung@taxi4884.de
[2025-10-13 08:00:04] Sende Mail an sv@taxi4884.de …
[2025-10-13 08:00:05] Mail OK: sv@taxi4884.de
[2025-10-13 08:00:05] Mails versendet. Empfänger: 3, Fahrerzeilen: 26
[2025-10-13 08:00:05] Skript beendet.
[2025-10-20 08:00:02] Skript gestartet.
[2025-10-20 08:00:02] DB geladen.
[2025-10-20 08:00:02] Config geladen.
[2025-10-20 08:00:02] Starte Hauptlauf …
[2025-10-20 08:00:02] Aggregiere Vorwoche: 2025-10-13 00:00:00 – 2025-10-19 23:59:59
[2025-10-20 08:00:02] Hole Empfänger (UmsatzMails=1) …
[2025-10-20 08:00:02] Empfänger: 3
[2025-10-20 08:00:02] Sende Mail an technik@taxi4884.de …
[2025-10-20 08:00:06] Mail OK: technik@taxi4884.de
[2025-10-20 08:00:06] Sende Mail an Verwaltung@taxi4884.de …
[2025-10-20 08:00:06] Mail OK: Verwaltung@taxi4884.de
[2025-10-20 08:00:06] Sende Mail an sv@taxi4884.de …
[2025-10-20 08:00:06] Mail OK: sv@taxi4884.de
[2025-10-20 08:00:06] Mails versendet. Empfänger: 3, Fahrerzeilen: 27
[2025-10-20 08:00:06] Skript beendet.
[2025-10-27 08:00:02] Skript gestartet.
[2025-10-27 08:00:02] DB geladen.
[2025-10-27 08:00:02] Config geladen.
[2025-10-27 08:00:02] Starte Hauptlauf …
[2025-10-27 08:00:02] Aggregiere Vorwoche: 2025-10-20 00:00:00 – 2025-10-26 23:59:59
[2025-10-27 08:00:03] Hole Empfänger (UmsatzMails=1) …
[2025-10-27 08:00:03] Empfänger: 3
[2025-10-27 08:00:03] Sende Mail an technik@taxi4884.de …
[2025-10-27 08:00:04] Mail OK: technik@taxi4884.de
[2025-10-27 08:00:04] Sende Mail an Verwaltung@taxi4884.de …
[2025-10-27 08:00:05] Mail OK: Verwaltung@taxi4884.de
[2025-10-27 08:00:05] Sende Mail an sv@taxi4884.de …
[2025-10-27 08:00:05] Mail OK: sv@taxi4884.de
[2025-10-27 08:00:05] Mails versendet. Empfänger: 3, Fahrerzeilen: 32
[2025-10-27 08:00:05] Skript beendet.
[2025-11-03 08:00:02] Skript gestartet.
[2025-11-03 08:00:02] DB geladen.
[2025-11-03 08:00:02] Config geladen.
[2025-11-03 08:00:02] Starte Hauptlauf …
[2025-11-03 08:00:02] Aggregiere Vorwoche: 2025-10-27 00:00:00 – 2025-11-02 23:59:59
[2025-11-03 08:00:02] Hole Empfänger (UmsatzMails=1) …
[2025-11-03 08:00:02] Empfänger: 3
[2025-11-03 08:00:02] Sende Mail an technik@taxi4884.de …
[2025-11-03 08:00:08] Mail OK: technik@taxi4884.de
[2025-11-03 08:00:08] Sende Mail an Verwaltung@taxi4884.de …
[2025-11-03 08:00:13] Mail OK: Verwaltung@taxi4884.de
[2025-11-03 08:00:13] Sende Mail an sv@taxi4884.de …
[2025-11-03 08:00:19] Mail OK: sv@taxi4884.de
[2025-11-03 08:00:19] Mails versendet. Empfänger: 3, Fahrerzeilen: 30
[2025-11-03 08:00:19] Skript beendet.
[2025-11-10 08:00:02] Skript gestartet.
[2025-11-10 08:00:02] DB geladen.
[2025-11-10 08:00:02] Config geladen.
[2025-11-10 08:00:02] Starte Hauptlauf …
[2025-11-10 08:00:02] Aggregiere Vorwoche: 2025-11-03 00:00:00 – 2025-11-09 23:59:59
[2025-11-10 08:00:03] Hole Empfänger (UmsatzMails=1) …
[2025-11-10 08:00:03] Empfänger: 3
[2025-11-10 08:00:03] Sende Mail an technik@taxi4884.de …
[2025-11-10 08:00:09] Mail OK: technik@taxi4884.de
[2025-11-10 08:00:09] Sende Mail an Verwaltung@taxi4884.de …
[2025-11-10 08:00:09] Mail OK: Verwaltung@taxi4884.de
[2025-11-10 08:00:09] Sende Mail an sv@taxi4884.de …
[2025-11-10 08:00:09] Mail OK: sv@taxi4884.de
[2025-11-10 08:00:09] Mails versendet. Empfänger: 3, Fahrerzeilen: 27
[2025-11-10 08:00:09] Skript beendet.
[2025-11-17 08:00:01] Skript gestartet.
[2025-11-17 08:00:01] DB geladen.
[2025-11-17 08:00:01] Config geladen.
[2025-11-17 08:00:01] Starte Hauptlauf …
[2025-11-17 08:00:01] Aggregiere Vorwoche: 2025-11-10 00:00:00 – 2025-11-16 23:59:59
[2025-11-17 08:00:02] Hole Empfänger (UmsatzMails=1) …
[2025-11-17 08:00:02] Empfänger: 3
[2025-11-17 08:00:02] Sende Mail an technik@taxi4884.de …
[2025-11-17 08:00:08] Mail OK: technik@taxi4884.de
[2025-11-17 08:00:08] Sende Mail an Verwaltung@taxi4884.de …
[2025-11-17 08:00:08] Mail OK: Verwaltung@taxi4884.de
[2025-11-17 08:00:08] Sende Mail an sv@taxi4884.de …
[2025-11-17 08:00:08] Mail OK: sv@taxi4884.de
[2025-11-17 08:00:08] Mails versendet. Empfänger: 3, Fahrerzeilen: 29
[2025-11-17 08:00:08] Skript beendet.
[2025-11-24 08:00:02] Skript gestartet.
[2025-11-24 08:00:02] DB geladen.
[2025-11-24 08:00:02] Config geladen.
[2025-11-24 08:00:02] Starte Hauptlauf …
[2025-11-24 08:00:02] Aggregiere Vorwoche: 2025-11-17 00:00:00 – 2025-11-23 23:59:59
[2025-11-24 08:00:02] Hole Empfänger (UmsatzMails=1) …
[2025-11-24 08:00:02] Empfänger: 3
[2025-11-24 08:00:02] Sende Mail an technik@taxi4884.de …
[2025-11-24 08:00:08] Mail OK: technik@taxi4884.de
[2025-11-24 08:00:08] Sende Mail an Verwaltung@taxi4884.de …
[2025-11-24 08:00:13] Mail OK: Verwaltung@taxi4884.de
[2025-11-24 08:00:13] Sende Mail an sv@taxi4884.de …
[2025-11-24 08:00:19] Mail OK: sv@taxi4884.de
[2025-11-24 08:00:19] Mails versendet. Empfänger: 3, Fahrerzeilen: 27
[2025-11-24 08:00:19] Skript beendet.
[2025-12-01 08:00:01] Skript gestartet.
[2025-12-01 08:00:01] DB geladen.
[2025-12-01 08:00:01] Config geladen.
[2025-12-01 08:00:01] Starte Hauptlauf …
[2025-12-01 08:00:01] Aggregiere Vorwoche: 2025-11-24 00:00:00 – 2025-11-30 23:59:59
[2025-12-01 08:00:02] Hole Empfänger (UmsatzMails=1) …
[2025-12-01 08:00:02] Empfänger: 3
[2025-12-01 08:00:02] Sende Mail an technik@taxi4884.de …
[2025-12-01 08:00:08] Mail OK: technik@taxi4884.de
[2025-12-01 08:00:08] Sende Mail an Verwaltung@taxi4884.de …
[2025-12-01 08:00:13] Mail OK: Verwaltung@taxi4884.de
[2025-12-01 08:00:13] Sende Mail an sv@taxi4884.de …
[2025-12-01 08:00:18] Mail OK: sv@taxi4884.de
[2025-12-01 08:00:18] Mails versendet. Empfänger: 3, Fahrerzeilen: 26
[2025-12-01 08:00:18] Skript beendet.
[2025-12-08 08:00:01] Skript gestartet.
[2025-12-08 08:00:01] DB geladen.
[2025-12-08 08:00:01] Config geladen.
[2025-12-08 08:00:01] Starte Hauptlauf …
[2025-12-08 08:00:01] Aggregiere Vorwoche: 2025-12-01 00:00:00 – 2025-12-07 23:59:59
[2025-12-08 08:00:02] Hole Empfänger (UmsatzMails=1) …
[2025-12-08 08:00:02] Empfänger: 3
[2025-12-08 08:00:02] Sende Mail an technik@taxi4884.de …
[2025-12-08 08:00:06] Mail OK: technik@taxi4884.de
[2025-12-08 08:00:06] Sende Mail an Verwaltung@taxi4884.de …
[2025-12-08 08:00:07] Mail OK: Verwaltung@taxi4884.de
[2025-12-08 08:00:07] Sende Mail an sv@taxi4884.de …
[2025-12-08 08:00:07] Mail OK: sv@taxi4884.de
[2025-12-08 08:00:07] Mails versendet. Empfänger: 3, Fahrerzeilen: 29
[2025-12-08 08:00:07] Skript beendet.
[2025-12-15 08:00:02] Skript gestartet.
[2025-12-15 08:00:02] DB geladen.
[2025-12-15 08:00:02] Config geladen.
[2025-12-15 08:00:02] Starte Hauptlauf …
[2025-12-15 08:00:02] Aggregiere Vorwoche: 2025-12-08 00:00:00 – 2025-12-14 23:59:59
[2025-12-15 08:00:03] Hole Empfänger (UmsatzMails=1) …
[2025-12-15 08:00:03] Empfänger: 3
[2025-12-15 08:00:03] Sende Mail an technik@taxi4884.de …
[2025-12-15 08:00:08] Mail OK: technik@taxi4884.de
[2025-12-15 08:00:08] Sende Mail an Verwaltung@taxi4884.de …
[2025-12-15 08:00:14] Mail OK: Verwaltung@taxi4884.de
[2025-12-15 08:00:14] Sende Mail an sv@taxi4884.de …
[2025-12-15 08:00:19] Mail OK: sv@taxi4884.de
[2025-12-15 08:00:19] Mails versendet. Empfänger: 3, Fahrerzeilen: 27
[2025-12-15 08:00:19] Skript beendet.
[2025-12-22 08:00:01] Skript gestartet.
[2025-12-22 08:00:01] DB geladen.
[2025-12-22 08:00:01] Config geladen.
[2025-12-22 08:00:01] Starte Hauptlauf …
[2025-12-22 08:00:01] Aggregiere Vorwoche: 2025-12-15 00:00:00 – 2025-12-21 23:59:59
[2025-12-22 08:00:02] Hole Empfänger (UmsatzMails=1) …
[2025-12-22 08:00:02] Empfänger: 3
[2025-12-22 08:00:02] Sende Mail an technik@taxi4884.de …
[2025-12-22 08:00:05] Mail OK: technik@taxi4884.de
[2025-12-22 08:00:05] Sende Mail an Verwaltung@taxi4884.de …
[2025-12-22 08:00:06] Mail OK: Verwaltung@taxi4884.de
[2025-12-22 08:00:06] Sende Mail an sv@taxi4884.de …
[2025-12-22 08:00:06] Mail OK: sv@taxi4884.de
[2025-12-22 08:00:06] Mails versendet. Empfänger: 3, Fahrerzeilen: 28
[2025-12-22 08:00:06] Skript beendet.
[2025-12-29 08:00:02] Skript gestartet.
[2025-12-29 08:00:02] DB geladen.
[2025-12-29 08:00:02] Config geladen.
[2025-12-29 08:00:02] Starte Hauptlauf …
[2025-12-29 08:00:02] Aggregiere Vorwoche: 2025-12-22 00:00:00 – 2025-12-28 23:59:59
[2025-12-29 08:00:02] Hole Empfänger (UmsatzMails=1) …
[2025-12-29 08:00:02] Empfänger: 3
[2025-12-29 08:00:02] Sende Mail an technik@taxi4884.de …
[2025-12-29 08:00:06] Mail OK: technik@taxi4884.de
[2025-12-29 08:00:06] Sende Mail an Verwaltung@taxi4884.de …
[2025-12-29 08:00:07] Mail OK: Verwaltung@taxi4884.de
[2025-12-29 08:00:07] Sende Mail an sv@taxi4884.de …
[2025-12-29 08:00:07] Mail OK: sv@taxi4884.de
[2025-12-29 08:00:07] Mails versendet. Empfänger: 3, Fahrerzeilen: 28
[2025-12-29 08:00:07] Skript beendet.
[2026-01-05 08:00:02] Skript gestartet.
[2026-01-05 08:00:02] DB geladen.
[2026-01-05 08:00:02] Config geladen.
[2026-01-05 08:00:02] Starte Hauptlauf …
[2026-01-05 08:00:02] Aggregiere Vorwoche: 2025-12-29 00:00:00 – 2026-01-04 23:59:59
[2026-01-05 08:00:02] Hole Empfänger (UmsatzMails=1) …
[2026-01-05 08:00:02] Empfänger: 3
[2026-01-05 08:00:02] Sende Mail an technik@taxi4884.de …
[2026-01-05 08:00:04] Mail OK: technik@taxi4884.de
[2026-01-05 08:00:04] Sende Mail an Verwaltung@taxi4884.de …
[2026-01-05 08:00:05] Mail OK: Verwaltung@taxi4884.de
[2026-01-05 08:00:05] Sende Mail an sv@taxi4884.de …
[2026-01-05 08:00:06] Mail OK: sv@taxi4884.de
[2026-01-05 08:00:06] Mails versendet. Empfänger: 3, Fahrerzeilen: 30
[2026-01-05 08:00:06] Skript beendet.
[2026-01-12 08:00:02] Skript gestartet.
[2026-01-12 08:00:02] DB geladen.
[2026-01-12 08:00:02] Config geladen.
[2026-01-12 08:00:02] Starte Hauptlauf …
[2026-01-12 08:00:02] Aggregiere Vorwoche: 2026-01-05 00:00:00 – 2026-01-11 23:59:59
[2026-01-12 08:00:03] Hole Empfänger (UmsatzMails=1) …
[2026-01-12 08:00:03] Empfänger: 3
[2026-01-12 08:00:03] Sende Mail an technik@taxi4884.de …
[2026-01-12 08:00:09] Mail OK: technik@taxi4884.de
[2026-01-12 08:00:09] Sende Mail an Verwaltung@taxi4884.de …
[2026-01-12 08:00:09] Mail OK: Verwaltung@taxi4884.de
[2026-01-12 08:00:09] Sende Mail an sv@taxi4884.de …
[2026-01-12 08:00:10] Mail OK: sv@taxi4884.de
[2026-01-12 08:00:10] Mails versendet. Empfänger: 3, Fahrerzeilen: 30
[2026-01-12 08:00:10] Skript beendet.
[2026-01-19 08:00:02] Skript gestartet.
[2026-01-19 08:00:02] DB geladen.
[2026-01-19 08:00:02] Config geladen.
[2026-01-19 08:00:02] Starte Hauptlauf …
[2026-01-19 08:00:02] Aggregiere Vorwoche: 2026-01-12 00:00:00 – 2026-01-18 23:59:59
[2026-01-19 08:00:03] Hole Empfänger (UmsatzMails=1) …
[2026-01-19 08:00:03] Empfänger: 3
[2026-01-19 08:00:03] Sende Mail an technik@taxi4884.de …
[2026-01-19 08:00:09] Mail OK: technik@taxi4884.de
[2026-01-19 08:00:09] Sende Mail an Verwaltung@taxi4884.de …
[2026-01-19 08:00:14] Mail OK: Verwaltung@taxi4884.de
[2026-01-19 08:00:14] Sende Mail an sv@taxi4884.de …
[2026-01-19 08:00:19] Mail OK: sv@taxi4884.de
[2026-01-19 08:00:19] Mails versendet. Empfänger: 3, Fahrerzeilen: 29
[2026-01-19 08:00:19] Skript beendet.
[2026-01-26 08:00:02] Skript gestartet.
[2026-01-26 08:00:02] DB geladen.
[2026-01-26 08:00:02] Config geladen.
[2026-01-26 08:00:02] Starte Hauptlauf …
[2026-01-26 08:00:02] Aggregiere Vorwoche: 2026-01-19 00:00:00 – 2026-01-25 23:59:59
[2026-01-26 08:00:03] Hole Empfänger (UmsatzMails=1) …
[2026-01-26 08:00:03] Empfänger: 3
[2026-01-26 08:00:03] Sende Mail an technik@taxi4884.de …
[2026-01-26 08:00:04] Mail OK: technik@taxi4884.de
[2026-01-26 08:00:04] Sende Mail an Verwaltung@taxi4884.de …
[2026-01-26 08:00:05] Mail OK: Verwaltung@taxi4884.de
[2026-01-26 08:00:05] Sende Mail an sv@taxi4884.de …
[2026-01-26 08:00:05] Mail OK: sv@taxi4884.de
[2026-01-26 08:00:05] Mails versendet. Empfänger: 3, Fahrerzeilen: 29
[2026-01-26 08:00:05] Skript beendet.
[2026-02-02 08:00:01] Skript gestartet.
[2026-02-02 08:00:01] DB geladen.
[2026-02-02 08:00:01] Config geladen.
[2026-02-02 08:00:01] Starte Hauptlauf …
[2026-02-02 08:00:01] Aggregiere Vorwoche: 2026-01-26 00:00:00 – 2026-02-01 23:59:59
[2026-02-02 08:00:02] Hole Empfänger (UmsatzMails=1) …
[2026-02-02 08:00:02] Empfänger: 3
[2026-02-02 08:00:02] Sende Mail an technik@taxi4884.de …
[2026-02-02 08:00:12] Mail OK: technik@taxi4884.de
[2026-02-02 08:00:12] Sende Mail an Verwaltung@taxi4884.de …
[2026-02-02 08:00:17] Mail OK: Verwaltung@taxi4884.de
[2026-02-02 08:00:17] Sende Mail an sv@taxi4884.de …
[2026-02-02 08:00:23] Mail OK: sv@taxi4884.de
[2026-02-02 08:00:23] Mails versendet. Empfänger: 3, Fahrerzeilen: 30
[2026-02-02 08:00:23] Skript beendet.
[2026-02-09 08:00:01] Skript gestartet.
[2026-02-09 08:00:01] DB geladen.
[2026-02-09 08:00:01] Config geladen.
[2026-02-09 08:00:01] Starte Hauptlauf …
[2026-02-09 08:00:01] Aggregiere Vorwoche: 2026-02-02 00:00:00 – 2026-02-08 23:59:59
[2026-02-09 08:00:02] Hole Empfänger (UmsatzMails=1) …
[2026-02-09 08:00:02] Empfänger: 3
[2026-02-09 08:00:02] Sende Mail an technik@taxi4884.de …
[2026-02-09 08:00:03] Mail OK: technik@taxi4884.de
[2026-02-09 08:00:03] Sende Mail an Verwaltung@taxi4884.de …
[2026-02-09 08:00:04] Mail OK: Verwaltung@taxi4884.de
[2026-02-09 08:00:04] Sende Mail an sv@taxi4884.de …
[2026-02-09 08:00:05] Mail OK: sv@taxi4884.de
[2026-02-09 08:00:05] Mails versendet. Empfänger: 3, Fahrerzeilen: 29
[2026-02-09 08:00:05] Skript beendet.
[2026-02-16 08:00:02] Skript gestartet.
[2026-02-16 08:00:02] DB geladen.
[2026-02-16 08:00:02] Config geladen.
[2026-02-16 08:00:02] Starte Hauptlauf …
[2026-02-16 08:00:02] Aggregiere Vorwoche: 2026-02-09 00:00:00 – 2026-02-15 23:59:59
[2026-02-16 08:00:03] Hole Empfänger (UmsatzMails=1) …
[2026-02-16 08:00:03] Empfänger: 3
[2026-02-16 08:00:03] Sende Mail an technik@taxi4884.de …
[2026-02-16 08:00:04] Mail OK: technik@taxi4884.de
[2026-02-16 08:00:04] Sende Mail an Verwaltung@taxi4884.de …
[2026-02-16 08:00:05] Mail OK: Verwaltung@taxi4884.de
[2026-02-16 08:00:05] Sende Mail an sv@taxi4884.de …
[2026-02-16 08:00:05] Mail OK: sv@taxi4884.de
[2026-02-16 08:00:05] Mails versendet. Empfänger: 3, Fahrerzeilen: 27
[2026-02-16 08:00:05] Skript beendet.
[2026-02-23 08:00:01] Skript gestartet.
[2026-02-23 08:00:02] DB geladen.
[2026-02-23 08:00:02] Config geladen.
[2026-02-23 08:00:02] Starte Hauptlauf …
[2026-02-23 08:00:02] Aggregiere Vorwoche: 2026-02-16 00:00:00 – 2026-02-22 23:59:59
[2026-02-23 08:00:02] Hole Empfänger (UmsatzMails=1) …
[2026-02-23 08:00:02] Empfänger: 3
[2026-02-23 08:00:02] Sende Mail an technik@taxi4884.de …
[2026-02-23 08:00:03] Mail OK: technik@taxi4884.de
[2026-02-23 08:00:03] Sende Mail an Verwaltung@taxi4884.de …
[2026-02-23 08:00:04] Mail OK: Verwaltung@taxi4884.de
[2026-02-23 08:00:04] Sende Mail an sv@taxi4884.de …
[2026-02-23 08:00:05] Mail OK: sv@taxi4884.de
[2026-02-23 08:00:05] Mails versendet. Empfänger: 3, Fahrerzeilen: 29
[2026-02-23 08:00:05] Skript beendet.
[2026-03-02 08:00:02] Skript gestartet.
[2026-03-02 08:00:02] DB geladen.
[2026-03-02 08:00:02] Config geladen.
[2026-03-02 08:00:02] Starte Hauptlauf …
[2026-03-02 08:00:02] Aggregiere Vorwoche: 2026-02-23 00:00:00 – 2026-03-01 23:59:59
[2026-03-02 08:00:03] Hole Empfänger (UmsatzMails=1) …
[2026-03-02 08:00:03] Empfänger: 3
[2026-03-02 08:00:03] Sende Mail an technik@taxi4884.de …
[2026-03-02 08:00:04] Mail OK: technik@taxi4884.de
[2026-03-02 08:00:04] Sende Mail an Verwaltung@taxi4884.de …
[2026-03-02 08:00:05] Mail OK: Verwaltung@taxi4884.de
[2026-03-02 08:00:05] Sende Mail an sv@taxi4884.de …
[2026-03-02 08:00:05] Mail OK: sv@taxi4884.de
[2026-03-02 08:00:05] Mails versendet. Empfänger: 3, Fahrerzeilen: 29
[2026-03-02 08:00:05] Skript beendet.
[2026-03-09 08:00:02] Skript gestartet.
[2026-03-09 08:00:02] DB geladen.
[2026-03-09 08:00:02] Config geladen.
[2026-03-09 08:00:02] Starte Hauptlauf …
[2026-03-09 08:00:02] Aggregiere Vorwoche: 2026-03-02 00:00:00 – 2026-03-08 23:59:59
[2026-03-09 08:00:03] Hole Empfänger (UmsatzMails=1) …
[2026-03-09 08:00:03] Empfänger: 3
[2026-03-09 08:00:03] Sende Mail an technik@taxi4884.de …
[2026-03-09 08:00:04] Mail OK: technik@taxi4884.de
[2026-03-09 08:00:04] Sende Mail an Verwaltung@taxi4884.de …
[2026-03-09 08:00:05] Mail OK: Verwaltung@taxi4884.de
[2026-03-09 08:00:05] Sende Mail an sv@taxi4884.de …
[2026-03-09 08:00:05] Mail OK: sv@taxi4884.de
[2026-03-09 08:00:05] Mails versendet. Empfänger: 3, Fahrerzeilen: 29
[2026-03-09 08:00:05] Skript beendet.
[2026-03-16 08:00:02] Skript gestartet.
[2026-03-16 08:00:02] DB geladen.
[2026-03-16 08:00:02] Config geladen.
[2026-03-16 08:00:02] Starte Hauptlauf …
[2026-03-16 08:00:02] Aggregiere Vorwoche: 2026-03-09 00:00:00 – 2026-03-15 23:59:59
[2026-03-16 08:00:03] Hole Empfänger (UmsatzMails=1) …
[2026-03-16 08:00:03] Empfänger: 3
[2026-03-16 08:00:03] Sende Mail an technik@taxi4884.de …
[2026-03-16 08:00:04] Mail OK: technik@taxi4884.de
[2026-03-16 08:00:04] Sende Mail an Verwaltung@taxi4884.de …
[2026-03-16 08:00:05] Mail OK: Verwaltung@taxi4884.de
[2026-03-16 08:00:05] Sende Mail an sv@taxi4884.de …
[2026-03-16 08:00:06] Mail OK: sv@taxi4884.de
[2026-03-16 08:00:06] Mails versendet. Empfänger: 3, Fahrerzeilen: 31
[2026-03-16 08:00:06] Skript beendet.
[2026-03-23 08:00:02] Skript gestartet.
[2026-03-23 08:00:02] DB geladen.
[2026-03-23 08:00:02] Config geladen.
[2026-03-23 08:00:02] Starte Hauptlauf …
[2026-03-23 08:00:02] Aggregiere Vorwoche: 2026-03-16 00:00:00 – 2026-03-22 23:59:59
[2026-03-23 08:00:02] Hole Empfänger (UmsatzMails=1) …
[2026-03-23 08:00:02] Empfänger: 3
[2026-03-23 08:00:02] Sende Mail an technik@taxi4884.de …
[2026-03-23 08:00:03] Mail OK: technik@taxi4884.de
[2026-03-23 08:00:03] Sende Mail an Verwaltung@taxi4884.de …
[2026-03-23 08:00:04] Mail OK: Verwaltung@taxi4884.de
[2026-03-23 08:00:04] Sende Mail an sv@taxi4884.de …
[2026-03-23 08:00:05] Mail OK: sv@taxi4884.de
[2026-03-23 08:00:05] Mails versendet. Empfänger: 3, Fahrerzeilen: 29
[2026-03-23 08:00:05] Skript beendet.
[2026-03-30 08:00:02] Skript gestartet.
[2026-03-30 08:00:02] DB geladen.
[2026-03-30 08:00:02] Config geladen.
[2026-03-30 08:00:02] Starte Hauptlauf …
[2026-03-30 08:00:02] Aggregiere Vorwoche: 2026-03-23 00:00:00 – 2026-03-29 23:59:59
[2026-03-30 08:00:04] Hole Empfänger (UmsatzMails=1) …
[2026-03-30 08:00:04] Empfänger: 3
[2026-03-30 08:00:04] Sende Mail an technik@taxi4884.de …
[2026-03-30 08:00:05] Mail OK: technik@taxi4884.de
[2026-03-30 08:00:05] Sende Mail an Verwaltung@taxi4884.de …
[2026-03-30 08:00:05] Mail OK: Verwaltung@taxi4884.de
[2026-03-30 08:00:05] Sende Mail an sv@taxi4884.de …
[2026-03-30 08:00:06] Mail OK: sv@taxi4884.de
[2026-03-30 08:00:06] Mails versendet. Empfänger: 3, Fahrerzeilen: 29
[2026-03-30 08:00:06] Skript beendet.
[2026-04-06 08:00:01] Skript gestartet.
[2026-04-06 08:00:01] DB geladen.
[2026-04-06 08:00:01] Config geladen.
[2026-04-06 08:00:01] Starte Hauptlauf …
[2026-04-06 08:00:01] Aggregiere Vorwoche: 2026-03-30 00:00:00 – 2026-04-05 23:59:59
[2026-04-06 08:00:02] Hole Empfänger (UmsatzMails=1) …
[2026-04-06 08:00:02] Empfänger: 3
[2026-04-06 08:00:02] Sende Mail an technik@taxi4884.de …
[2026-04-06 08:00:03] Mail OK: technik@taxi4884.de
[2026-04-06 08:00:03] Sende Mail an Verwaltung@taxi4884.de …
[2026-04-06 08:00:04] Mail OK: Verwaltung@taxi4884.de
[2026-04-06 08:00:04] Sende Mail an sv@taxi4884.de …
[2026-04-06 08:00:05] Mail OK: sv@taxi4884.de
[2026-04-06 08:00:05] Mails versendet. Empfänger: 3, Fahrerzeilen: 28
[2026-04-06 08:00:05] Skript beendet.
[2026-04-13 08:00:02] Skript gestartet.
[2026-04-13 08:00:02] DB geladen.
[2026-04-13 08:00:02] Config geladen.
[2026-04-13 08:00:02] Starte Hauptlauf …
[2026-04-13 08:00:02] Aggregiere Vorwoche: 2026-04-06 00:00:00 – 2026-04-12 23:59:59
[2026-04-13 08:00:04] Hole Empfänger (UmsatzMails=1) …
[2026-04-13 08:00:04] Empfänger: 3
[2026-04-13 08:00:04] Sende Mail an technik@taxi4884.de …
[2026-04-13 08:00:05] Mail OK: technik@taxi4884.de
[2026-04-13 08:00:05] Sende Mail an Verwaltung@taxi4884.de …
[2026-04-13 08:00:06] Mail OK: Verwaltung@taxi4884.de
[2026-04-13 08:00:06] Sende Mail an sv@taxi4884.de …
[2026-04-13 08:00:06] Mail OK: sv@taxi4884.de
[2026-04-13 08:00:06] Mails versendet. Empfänger: 3, Fahrerzeilen: 28
[2026-04-13 08:00:06] Skript beendet.
[2026-04-20 08:00:02] Skript gestartet.
[2026-04-20 08:00:02] DB geladen.
[2026-04-20 08:00:02] Config geladen.
[2026-04-20 08:00:02] Starte Hauptlauf …
[2026-04-20 08:00:02] Aggregiere Vorwoche: 2026-04-13 00:00:00 – 2026-04-19 23:59:59
[2026-04-20 08:00:03] Hole Empfänger (UmsatzMails=1) …
[2026-04-20 08:00:03] Empfänger: 3
[2026-04-20 08:00:03] Sende Mail an technik@taxi4884.de …
[2026-04-20 08:00:04] Mail OK: technik@taxi4884.de
[2026-04-20 08:00:04] Sende Mail an Verwaltung@taxi4884.de …
[2026-04-20 08:00:05] Mail OK: Verwaltung@taxi4884.de
[2026-04-20 08:00:05] Sende Mail an sv@taxi4884.de …
[2026-04-20 08:00:05] Mail OK: sv@taxi4884.de
[2026-04-20 08:00:05] Mails versendet. Empfänger: 3, Fahrerzeilen: 27
[2026-04-20 08:00:05] Skript beendet.
[2026-04-27 08:00:02] Skript gestartet.
[2026-04-27 08:00:02] DB geladen.
[2026-04-27 08:00:02] Config geladen.
[2026-04-27 08:00:02] Starte Hauptlauf …
[2026-04-27 08:00:02] Aggregiere Vorwoche: 2026-04-20 00:00:00 – 2026-04-26 23:59:59
[2026-04-27 08:00:04] Hole Empfänger (UmsatzMails=1) …
[2026-04-27 08:00:04] Empfänger: 3
[2026-04-27 08:00:04] Sende Mail an technik@taxi4884.de …
[2026-04-27 08:00:05] Mail OK: technik@taxi4884.de
[2026-04-27 08:00:05] Sende Mail an Verwaltung@taxi4884.de …
[2026-04-27 08:00:06] Mail OK: Verwaltung@taxi4884.de
[2026-04-27 08:00:06] Sende Mail an sv@taxi4884.de …
[2026-04-27 08:00:06] Mail OK: sv@taxi4884.de
[2026-04-27 08:00:06] Mails versendet. Empfänger: 3, Fahrerzeilen: 28
[2026-04-27 08:00:06] Skript beendet.
[2026-05-04 08:00:02] Skript gestartet.
[2026-05-04 08:00:02] DB geladen.
[2026-05-04 08:00:02] Config geladen.
[2026-05-04 08:00:02] Starte Hauptlauf …
[2026-05-04 08:00:02] Aggregiere Vorwoche: 2026-04-27 00:00:00 – 2026-05-03 23:59:59
[2026-05-04 08:00:04] Hole Empfänger (UmsatzMails=1) …
[2026-05-04 08:00:04] Empfänger: 3
[2026-05-04 08:00:04] Sende Mail an technik@taxi4884.de …
[2026-05-04 08:00:04] Mail OK: technik@taxi4884.de
[2026-05-04 08:00:04] Sende Mail an Verwaltung@taxi4884.de …
[2026-05-04 08:00:05] Mail OK: Verwaltung@taxi4884.de
[2026-05-04 08:00:05] Sende Mail an sv@taxi4884.de …
[2026-05-04 08:00:06] Mail OK: sv@taxi4884.de
[2026-05-04 08:00:06] Mails versendet. Empfänger: 3, Fahrerzeilen: 26
[2026-05-04 08:00:06] Skript beendet.
[2026-05-11 08:00:02] Skript gestartet.
[2026-05-11 08:00:02] DB geladen.
[2026-05-11 08:00:02] Config geladen.
[2026-05-11 08:00:02] Starte Hauptlauf …
[2026-05-11 08:00:02] Aggregiere Vorwoche: 2026-05-04 00:00:00 – 2026-05-10 23:59:59
[2026-05-11 08:00:04] Hole Empfänger (UmsatzMails=1) …
[2026-05-11 08:00:04] Empfänger: 3
[2026-05-11 08:00:04] Sende Mail an technik@taxi4884.de …
[2026-05-11 08:00:05] Mail OK: technik@taxi4884.de
[2026-05-11 08:00:05] Sende Mail an Verwaltung@taxi4884.de …
[2026-05-11 08:00:06] Mail OK: Verwaltung@taxi4884.de
[2026-05-11 08:00:06] Sende Mail an sv@taxi4884.de …
[2026-05-11 08:00:06] Mail OK: sv@taxi4884.de
[2026-05-11 08:00:06] Mails versendet. Empfänger: 3, Fahrerzeilen: 25
[2026-05-11 08:00:06] Skript beendet.
[2026-05-18 08:00:02] Skript gestartet.
[2026-05-18 08:00:02] DB geladen.
[2026-05-18 08:00:02] Config geladen.
[2026-05-18 08:00:02] Starte Hauptlauf …
[2026-05-18 08:00:02] Aggregiere Vorwoche: 2026-05-11 00:00:00 – 2026-05-17 23:59:59
[2026-05-18 08:00:03] Hole Empfänger (UmsatzMails=1) …
[2026-05-18 08:00:03] Empfänger: 3
[2026-05-18 08:00:03] Sende Mail an technik@taxi4884.de …
[2026-05-18 08:00:04] Mail OK: technik@taxi4884.de
[2026-05-18 08:00:04] Sende Mail an Verwaltung@taxi4884.de …
[2026-05-18 08:00:05] Mail OK: Verwaltung@taxi4884.de
[2026-05-18 08:00:05] Sende Mail an sv@taxi4884.de …
[2026-05-18 08:00:06] Mail OK: sv@taxi4884.de
[2026-05-18 08:00:06] Mails versendet. Empfänger: 3, Fahrerzeilen: 24
[2026-05-18 08:00:06] Skript beendet.
[2026-05-25 08:00:02] Skript gestartet.
[2026-05-25 08:00:02] DB geladen.
[2026-05-25 08:00:02] Config geladen.
[2026-05-25 08:00:02] Starte Hauptlauf …
[2026-05-25 08:00:02] Aggregiere Vorwoche: 2026-05-18 00:00:00 – 2026-05-24 23:59:59
[2026-05-25 08:00:03] Hole Empfänger (UmsatzMails=1) …
[2026-05-25 08:00:03] Empfänger: 3
[2026-05-25 08:00:03] Sende Mail an technik@taxi4884.de …
[2026-05-25 08:00:04] Mail OK: technik@taxi4884.de
[2026-05-25 08:00:04] Sende Mail an Verwaltung@taxi4884.de …
[2026-05-25 08:00:05] Mail OK: Verwaltung@taxi4884.de
[2026-05-25 08:00:05] Sende Mail an sv@taxi4884.de …
[2026-05-25 08:00:06] Mail OK: sv@taxi4884.de
[2026-05-25 08:00:06] Mails versendet. Empfänger: 3, Fahrerzeilen: 25
[2026-05-25 08:00:06] Skript beendet.
[2026-06-01 08:00:02] Skript gestartet.
[2026-06-01 08:00:02] DB geladen.
[2026-06-01 08:00:02] Config geladen.
[2026-06-01 08:00:02] Starte Hauptlauf …
[2026-06-01 08:00:02] Aggregiere Vorwoche: 2026-05-25 00:00:00 – 2026-05-31 23:59:59
[2026-06-01 08:00:04] Hole Empfänger (UmsatzMails=1) …
[2026-06-01 08:00:04] Empfänger: 3
[2026-06-01 08:00:04] Sende Mail an technik@taxi4884.de …
[2026-06-01 08:00:05] Mail OK: technik@taxi4884.de
[2026-06-01 08:00:05] Sende Mail an Verwaltung@taxi4884.de …
[2026-06-01 08:00:06] Mail OK: Verwaltung@taxi4884.de
[2026-06-01 08:00:06] Sende Mail an sv@taxi4884.de …
[2026-06-01 08:00:07] Mail OK: sv@taxi4884.de
[2026-06-01 08:00:07] Mails versendet. Empfänger: 3, Fahrerzeilen: 23
[2026-06-01 08:00:07] Skript beendet.
[2026-06-08 08:00:02] Skript gestartet.
[2026-06-08 08:00:02] DB geladen.
[2026-06-08 08:00:02] Config geladen.
[2026-06-08 08:00:02] Starte Hauptlauf …
[2026-06-08 08:00:02] Aggregiere Vorwoche: 2026-06-01 00:00:00 – 2026-06-07 23:59:59
[2026-06-08 08:00:03] Hole Empfänger (UmsatzMails=1) …
[2026-06-08 08:00:03] Empfänger: 3
[2026-06-08 08:00:03] Sende Mail an technik@taxi4884.de …
[2026-06-08 08:00:05] Mail OK: technik@taxi4884.de
[2026-06-08 08:00:05] Sende Mail an Verwaltung@taxi4884.de …
[2026-06-08 08:00:06] Mail OK: Verwaltung@taxi4884.de
[2026-06-08 08:00:06] Sende Mail an sv@taxi4884.de …
[2026-06-08 08:00:07] Mail OK: sv@taxi4884.de
[2026-06-08 08:00:07] Mails versendet. Empfänger: 3, Fahrerzeilen: 23
[2026-06-08 08:00:07] Skript beendet.
[2026-06-15 08:00:02] Skript gestartet.
[2026-06-15 08:00:02] DB geladen.
[2026-06-15 08:00:02] Config geladen.
[2026-06-15 08:00:02] Starte Hauptlauf …
[2026-06-15 08:00:02] Aggregiere Vorwoche: 2026-06-08 00:00:00 – 2026-06-14 23:59:59
[2026-06-15 08:00:04] Hole Empfänger (UmsatzMails=1) …
[2026-06-15 08:00:04] Empfänger: 3
[2026-06-15 08:00:04] Sende Mail an technik@taxi4884.de …
[2026-06-15 08:00:05] Mail OK: technik@taxi4884.de
[2026-06-15 08:00:05] Sende Mail an Verwaltung@taxi4884.de …
[2026-06-15 08:00:05] Mail OK: Verwaltung@taxi4884.de
[2026-06-15 08:00:05] Sende Mail an sv@taxi4884.de …
[2026-06-15 08:00:06] Mail OK: sv@taxi4884.de
[2026-06-15 08:00:06] Mails versendet. Empfänger: 3, Fahrerzeilen: 23
[2026-06-15 08:00:06] Skript beendet.
